<?xml version="1.0" encoding="UTF-8"?>
<TestRun id="44c44cff-ab0e-4c53-8939-66f492a0ab1c" name="u017121@CAB99 2014-11-10 17:52:09" runUser="CAB99\u017121" xmlns="http://microsoft.com/schemas/VisualStudio/TeamTest/2010">
  <Times creation="2014-11-10T17:52:09.0455365+01:00" queuing="2014-11-10T17:52:09.0455365+01:00" start="2014-11-10T17:52:09.0545370+01:00" finish="2014-11-10T17:52:09.2005454+01:00" />
  <TestSettings name="default" id="c1e5d65d-63fb-4292-95bf-ceb03cf7f933">
    <Execution>
      <TestTypeSpecific />
    </Execution>
    <Deployment runDeploymentRoot="u017121_CAB99 2014-11-10 17_52_09" />
    <Properties />
  </TestSettings>
  <Results>
    <UnitTestResult executionId="955ccc52-c11d-4ce7-a0ee-8d520bc7f088" testId="789f9366-74f3-31e5-63a6-333be5a3e51a" testName="CreateMessageTest" computerName="CAB99" duration="00:00:00.0320605" startTime="2014-11-10T17:52:08.5525083+01:00" endTime="2014-11-10T17:52:08.8585258+01:00" testType="13cdc9d9-ddb5-4fa4-a97d-d965ccfc6d4b" outcome="Passed" testListId="8c84fa94-04c1-424b-9868-57a2d4851a1d" relativeResultsDirectory="955ccc52-c11d-4ce7-a0ee-8d520bc7f088" />
    <UnitTestResult executionId="8c67ae72-dd2d-4650-8ed9-b292152738a2" testId="c4f5d006-549a-0ba4-057c-4f5f7bf4f595" testName="CreateMessageTestFail" computerName="CAB99" duration="00:00:00.0024280" startTime="2014-11-10T17:52:08.8695264+01:00" endTime="2014-11-10T17:52:08.8725266+01:00" testType="13cdc9d9-ddb5-4fa4-a97d-d965ccfc6d4b" outcome="Passed" testListId="8c84fa94-04c1-424b-9868-57a2d4851a1d" relativeResultsDirectory="8c67ae72-dd2d-4650-8ed9-b292152738a2" />
    <UnitTestResult executionId="fb79dbc8-313d-4a4c-8aca-7200f6e3ce4a" testId="49a74de9-0be3-c921-2058-f3e54474097b" testName="CreateMessageGoodByeTest" computerName="CAB99" duration="00:00:00.0008122" startTime="2014-11-10T17:52:08.8735267+01:00" endTime="2014-11-10T17:52:08.8755268+01:00" testType="13cdc9d9-ddb5-4fa4-a97d-d965ccfc6d4b" outcome="Passed" testListId="8c84fa94-04c1-424b-9868-57a2d4851a1d" relativeResultsDirectory="fb79dbc8-313d-4a4c-8aca-7200f6e3ce4a" />
    <UnitTestResult executionId="23d4097f-348f-47df-a5a7-ce08b3ed98ba" testId="30596c07-1ef6-878f-c765-ce4d180a83ba" testName="CreateMessageGoodByeTestFail" computerName="CAB99" duration="00:00:00.0002922" startTime="2014-11-10T17:52:08.8755268+01:00" endTime="2014-11-10T17:52:08.8765268+01:00" testType="13cdc9d9-ddb5-4fa4-a97d-d965ccfc6d4b" outcome="Passed" testListId="8c84fa94-04c1-424b-9868-57a2d4851a1d" relativeResultsDirectory="23d4097f-348f-47df-a5a7-ce08b3ed98ba" />
    <UnitTestResult executionId="ec5c31ea-cd04-4ce4-9035-653c18cb7289" testId="16162f9d-858a-779e-2a28-fe3093bae5dd" testName="TestMethodA" computerName="CAB99" duration="00:00:00.0002554" startTime="2014-11-10T17:52:08.8765268+01:00" endTime="2014-11-10T17:52:08.8775269+01:00" testType="13cdc9d9-ddb5-4fa4-a97d-d965ccfc6d4b" outcome="Passed" testListId="8c84fa94-04c1-424b-9868-57a2d4851a1d" relativeResultsDirectory="ec5c31ea-cd04-4ce4-9035-653c18cb7289" />
    <UnitTestResult executionId="ae5fe410-7fd5-491b-9c98-3c9bc36f5871" testId="ba9d1cff-04a6-c428-dc0f-4bc9af163838" testName="TestMethodB" computerName="CAB99" duration="00:00:00.0002701" startTime="2014-11-10T17:52:08.8775269+01:00" endTime="2014-11-10T17:52:08.8785269+01:00" testType="13cdc9d9-ddb5-4fa4-a97d-d965ccfc6d4b" outcome="Passed" testListId="8c84fa94-04c1-424b-9868-57a2d4851a1d" relativeResultsDirectory="ae5fe410-7fd5-491b-9c98-3c9bc36f5871" />
    <UnitTestResult executionId="0966d727-f369-4d82-aca8-2e5226473f8a" testId="9d57d6d3-7da2-34e0-9ed3-6e7c88f0f2fd" testName="TestMethodC" computerName="CAB99" duration="00:00:00.0050929" startTime="2014-11-10T17:52:08.8785269+01:00" endTime="2014-11-10T17:52:08.8855273+01:00" testType="13cdc9d9-ddb5-4fa4-a97d-d965ccfc6d4b" outcome="Passed" testListId="8c84fa94-04c1-424b-9868-57a2d4851a1d" relativeResultsDirectory="0966d727-f369-4d82-aca8-2e5226473f8a" />
    <UnitTestResult executionId="592cd70e-41b5-4d88-8274-416ff2003e84" testId="41f938de-a132-7c4a-5790-4575e643fbf6" testName="TestMethodD" computerName="CAB99" duration="00:00:00.0002754" startTime="2014-11-10T17:52:08.8855273+01:00" endTime="2014-11-10T17:52:08.8875275+01:00" testType="13cdc9d9-ddb5-4fa4-a97d-d965ccfc6d4b" outcome="Passed" testListId="8c84fa94-04c1-424b-9868-57a2d4851a1d" relativeResultsDirectory="592cd70e-41b5-4d88-8274-416ff2003e84" />
    <UnitTestResult executionId="b6b756e7-ea9d-4d42-9354-9c957d484ccd" testId="bd8796db-5f73-f496-30e5-5730b7e3a57e" testName="TestMethod1" computerName="CAB99" duration="00:00:00.0002596" startTime="2014-11-10T17:52:08.8875275+01:00" endTime="2014-11-10T17:52:08.8885275+01:00" testType="13cdc9d9-ddb5-4fa4-a97d-d965ccfc6d4b" outcome="Passed" testListId="8c84fa94-04c1-424b-9868-57a2d4851a1d" relativeResultsDirectory="b6b756e7-ea9d-4d42-9354-9c957d484ccd" />
    <UnitTestResult executionId="87a86560-65ff-45d1-8954-06f9bda5f2ae" testId="6fda3169-54df-6795-7423-6a529a89fab6" testName="TestMethod2" computerName="CAB99" duration="00:00:00.0002887" startTime="2014-11-10T17:52:08.9875332+01:00" endTime="2014-11-10T17:52:08.9895333+01:00" testType="13cdc9d9-ddb5-4fa4-a97d-d965ccfc6d4b" outcome="Passed" testListId="8c84fa94-04c1-424b-9868-57a2d4851a1d" relativeResultsDirectory="87a86560-65ff-45d1-8954-06f9bda5f2ae" />
    <UnitTestResult executionId="ce5f5100-3fd2-4141-ac35-2e0a1252bb42" testId="2c28ba8a-1082-b646-ef27-d52d0f8345b1" testName="TestMethod3" computerName="CAB99" duration="00:00:00.0002771" startTime="2014-11-10T17:52:08.9895333+01:00" endTime="2014-11-10T17:52:08.9915334+01:00" testType="13cdc9d9-ddb5-4fa4-a97d-d965ccfc6d4b" outcome="Passed" testListId="8c84fa94-04c1-424b-9868-57a2d4851a1d" relativeResultsDirectory="ce5f5100-3fd2-4141-ac35-2e0a1252bb42" />
    <UnitTestResult executionId="a9aa82ce-5259-45d4-8fc0-a0665ab6123a" testId="71f0af9e-b34b-ba65-2320-90d99571c913" testName="TestMethod4" computerName="CAB99" duration="00:00:00.0002831" startTime="2014-11-10T17:52:08.9915334+01:00" endTime="2014-11-10T17:52:08.9925335+01:00" testType="13cdc9d9-ddb5-4fa4-a97d-d965ccfc6d4b" outcome="Passed" testListId="8c84fa94-04c1-424b-9868-57a2d4851a1d" relativeResultsDirectory="a9aa82ce-5259-45d4-8fc0-a0665ab6123a" />
  </Results>
  <TestDefinitions>
    <UnitTest name="CreateMessageTest" storage="c:\github_archive\hellobyerik\hellobyerik\hellobyeriktests\bin\debug\hellobyeriktests.dll" id="789f9366-74f3-31e5-63a6-333be5a3e51a">
      <Execution id="955ccc52-c11d-4ce7-a0ee-8d520bc7f088" />
      <TestMethod codeBase="C:\GitHub_Archive\HelloByErik\HelloByErik\HelloByErikTests\bin\Debug\HelloByErikTests.dll" adapterTypeName="Microsoft.VisualStudio.TestTools.TestTypes.Unit.UnitTestAdapter" className="HelloByErikTests.CreateMessageTests" name="CreateMessageTest" />
    </UnitTest>
    <UnitTest name="CreateMessageTestFail" storage="c:\github_archive\hellobyerik\hellobyerik\hellobyeriktests\bin\debug\hellobyeriktests.dll" id="c4f5d006-549a-0ba4-057c-4f5f7bf4f595">
      <Execution id="8c67ae72-dd2d-4650-8ed9-b292152738a2" />
      <TestMethod codeBase="C:\GitHub_Archive\HelloByErik\HelloByErik\HelloByErikTests\bin\Debug\HelloByErikTests.dll" adapterTypeName="Microsoft.VisualStudio.TestTools.TestTypes.Unit.UnitTestAdapter" className="HelloByErikTests.CreateMessageTests" name="CreateMessageTestFail" />
    </UnitTest>
    <UnitTest name="CreateMessageGoodByeTest" storage="c:\github_archive\hellobyerik\hellobyerik\hellobyeriktests\bin\debug\hellobyeriktests.dll" id="49a74de9-0be3-c921-2058-f3e54474097b">
      <Execution id="fb79dbc8-313d-4a4c-8aca-7200f6e3ce4a" />
      <TestMethod codeBase="C:\GitHub_Archive\HelloByErik\HelloByErik\HelloByErikTests\bin\Debug\HelloByErikTests.dll" adapterTypeName="Microsoft.VisualStudio.TestTools.TestTypes.Unit.UnitTestAdapter" className="HelloByErikTests.CreateMessageTests" name="CreateMessageGoodByeTest" />
    </UnitTest>
    <UnitTest name="CreateMessageGoodByeTestFail" storage="c:\github_archive\hellobyerik\hellobyerik\hellobyeriktests\bin\debug\hellobyeriktests.dll" id="30596c07-1ef6-878f-c765-ce4d180a83ba">
      <Execution id="23d4097f-348f-47df-a5a7-ce08b3ed98ba" />
      <TestMethod codeBase="C:\GitHub_Archive\HelloByErik\HelloByErik\HelloByErikTests\bin\Debug\HelloByErikTests.dll" adapterTypeName="Microsoft.VisualStudio.TestTools.TestTypes.Unit.UnitTestAdapter" className="HelloByErikTests.CreateMessageTests" name="CreateMessageGoodByeTestFail" />
    </UnitTest>
    <UnitTest name="TestMethodA" storage="c:\github_archive\hellobyerik\hellobyerik\hellobyeriktests\bin\debug\hellobyeriktests.dll" id="16162f9d-858a-779e-2a28-fe3093bae5dd">
      <Execution id="ec5c31ea-cd04-4ce4-9035-653c18cb7289" />
      <TestMethod codeBase="C:\GitHub_Archive\HelloByErik\HelloByErik\HelloByErikTests\bin\Debug\HelloByErikTests.dll" adapterTypeName="Microsoft.VisualStudio.TestTools.TestTypes.Unit.UnitTestAdapter" className="HelloByErikTests.UnitTestA" name="TestMethodA" />
    </UnitTest>
    <UnitTest name="TestMethodB" storage="c:\github_archive\hellobyerik\hellobyerik\hellobyeriktests\bin\debug\hellobyeriktests.dll" id="ba9d1cff-04a6-c428-dc0f-4bc9af163838">
      <Execution id="ae5fe410-7fd5-491b-9c98-3c9bc36f5871" />
      <TestMethod codeBase="C:\GitHub_Archive\HelloByErik\HelloByErik\HelloByErikTests\bin\Debug\HelloByErikTests.dll" adapterTypeName="Microsoft.VisualStudio.TestTools.TestTypes.Unit.UnitTestAdapter" className="HelloByErikTests.UnitTestB" name="TestMethodB" />
    </UnitTest>
    <UnitTest name="TestMethodC" storage="c:\github_archive\hellobyerik\hellobyerik\hellobyeriktests\bin\debug\hellobyeriktests.dll" id="9d57d6d3-7da2-34e0-9ed3-6e7c88f0f2fd">
      <Execution id="0966d727-f369-4d82-aca8-2e5226473f8a" />
      <TestMethod codeBase="C:\GitHub_Archive\HelloByErik\HelloByErik\HelloByErikTests\bin\Debug\HelloByErikTests.dll" adapterTypeName="Microsoft.VisualStudio.TestTools.TestTypes.Unit.UnitTestAdapter" className="HelloByErikTests.UnitTestC" name="TestMethodC" />
    </UnitTest>
    <UnitTest name="TestMethodD" storage="c:\github_archive\hellobyerik\hellobyerik\hellobyeriktests\bin\debug\hellobyeriktests.dll" id="41f938de-a132-7c4a-5790-4575e643fbf6">
      <Execution id="592cd70e-41b5-4d88-8274-416ff2003e84" />
      <TestMethod codeBase="C:\GitHub_Archive\HelloByErik\HelloByErik\HelloByErikTests\bin\Debug\HelloByErikTests.dll" adapterTypeName="Microsoft.VisualStudio.TestTools.TestTypes.Unit.UnitTestAdapter" className="HelloByErikTests.UnitTestD" name="TestMethodD" />
    </UnitTest>
    <UnitTest name="TestMethod1" storage="c:\github_archive\hellobyerik\hellobyerik\hellobyeriktests\bin\debug\hellobyeriktests.dll" id="bd8796db-5f73-f496-30e5-5730b7e3a57e">
      <Execution id="b6b756e7-ea9d-4d42-9354-9c957d484ccd" />
      <TestMethod codeBase="C:\GitHub_Archive\HelloByErik\HelloByErik\HelloByErikTests\bin\Debug\HelloByErikTests.dll" adapterTypeName="Microsoft.VisualStudio.TestTools.TestTypes.Unit.UnitTestAdapter" className="HelloByErikTests.UnitTest1" name="TestMethod1" />
    </UnitTest>
    <UnitTest name="TestMethod2" storage="c:\github_archive\hellobyerik\hellobyerik\hellobyeriktests\bin\debug\hellobyeriktests.dll" id="6fda3169-54df-6795-7423-6a529a89fab6">
      <Execution id="87a86560-65ff-45d1-8954-06f9bda5f2ae" />
      <TestMethod codeBase="C:\GitHub_Archive\HelloByErik\HelloByErik\HelloByErikTests\bin\Debug\HelloByErikTests.dll" adapterTypeName="Microsoft.VisualStudio.TestTools.TestTypes.Unit.UnitTestAdapter" className="HelloByErikTests.UnitTest2" name="TestMethod2" />
    </UnitTest>
    <UnitTest name="TestMethod3" storage="c:\github_archive\hellobyerik\hellobyerik\hellobyeriktests\bin\debug\hellobyeriktests.dll" id="2c28ba8a-1082-b646-ef27-d52d0f8345b1">
      <Execution id="ce5f5100-3fd2-4141-ac35-2e0a1252bb42" />
      <TestMethod codeBase="C:\GitHub_Archive\HelloByErik\HelloByErik\HelloByErikTests\bin\Debug\HelloByErikTests.dll" adapterTypeName="Microsoft.VisualStudio.TestTools.TestTypes.Unit.UnitTestAdapter" className="HelloByErikTests.UnitTest3" name="TestMethod3" />
    </UnitTest>
    <UnitTest name="TestMethod4" storage="c:\github_archive\hellobyerik\hellobyerik\hellobyeriktests\bin\debug\hellobyeriktests.dll" id="71f0af9e-b34b-ba65-2320-90d99571c913">
      <Execution id="a9aa82ce-5259-45d4-8fc0-a0665ab6123a" />
      <TestMethod codeBase="C:\GitHub_Archive\HelloByErik\HelloByErik\HelloByErikTests\bin\Debug\HelloByErikTests.dll" adapterTypeName="Microsoft.VisualStudio.TestTools.TestTypes.Unit.UnitTestAdapter" className="HelloByErikTests.UnitTest4" name="TestMethod4" />
    </UnitTest>
  </TestDefinitions>
  <TestEntries>
    <TestEntry testId="789f9366-74f3-31e5-63a6-333be5a3e51a" executionId="955ccc52-c11d-4ce7-a0ee-8d520bc7f088" testListId="8c84fa94-04c1-424b-9868-57a2d4851a1d" />
    <TestEntry testId="c4f5d006-549a-0ba4-057c-4f5f7bf4f595" executionId="8c67ae72-dd2d-4650-8ed9-b292152738a2" testListId="8c84fa94-04c1-424b-9868-57a2d4851a1d" />
    <TestEntry testId="49a74de9-0be3-c921-2058-f3e54474097b" executionId="fb79dbc8-313d-4a4c-8aca-7200f6e3ce4a" testListId="8c84fa94-04c1-424b-9868-57a2d4851a1d" />
    <TestEntry testId="30596c07-1ef6-878f-c765-ce4d180a83ba" executionId="23d4097f-348f-47df-a5a7-ce08b3ed98ba" testListId="8c84fa94-04c1-424b-9868-57a2d4851a1d" />
    <TestEntry testId="16162f9d-858a-779e-2a28-fe3093bae5dd" executionId="ec5c31ea-cd04-4ce4-9035-653c18cb7289" testListId="8c84fa94-04c1-424b-9868-57a2d4851a1d" />
    <TestEntry testId="ba9d1cff-04a6-c428-dc0f-4bc9af163838" executionId="ae5fe410-7fd5-491b-9c98-3c9bc36f5871" testListId="8c84fa94-04c1-424b-9868-57a2d4851a1d" />
    <TestEntry testId="9d57d6d3-7da2-34e0-9ed3-6e7c88f0f2fd" executionId="0966d727-f369-4d82-aca8-2e5226473f8a" testListId="8c84fa94-04c1-424b-9868-57a2d4851a1d" />
    <TestEntry testId="41f938de-a132-7c4a-5790-4575e643fbf6" executionId="592cd70e-41b5-4d88-8274-416ff2003e84" testListId="8c84fa94-04c1-424b-9868-57a2d4851a1d" />
    <TestEntry testId="bd8796db-5f73-f496-30e5-5730b7e3a57e" executionId="b6b756e7-ea9d-4d42-9354-9c957d484ccd" testListId="8c84fa94-04c1-424b-9868-57a2d4851a1d" />
    <TestEntry testId="6fda3169-54df-6795-7423-6a529a89fab6" executionId="87a86560-65ff-45d1-8954-06f9bda5f2ae" testListId="8c84fa94-04c1-424b-9868-57a2d4851a1d" />
    <TestEntry testId="2c28ba8a-1082-b646-ef27-d52d0f8345b1" executionId="ce5f5100-3fd2-4141-ac35-2e0a1252bb42" testListId="8c84fa94-04c1-424b-9868-57a2d4851a1d" />
    <TestEntry testId="71f0af9e-b34b-ba65-2320-90d99571c913" executionId="a9aa82ce-5259-45d4-8fc0-a0665ab6123a" testListId="8c84fa94-04c1-424b-9868-57a2d4851a1d" />
  </TestEntries>
  <TestLists>
    <TestList name="Results Not in a List" id="8c84fa94-04c1-424b-9868-57a2d4851a1d" />
    <TestList name="All Loaded Results" id="19431567-8539-422a-85d7-44ee4e166bda" />
  </TestLists>
  <ResultSummary outcome="Completed">
    <Counters total="12" executed="12" passed="12" failed="0" error="0" timeout="0" aborted="0" inconclusive="0" passedButRunAborted="0" notRunnable="0" notExecuted="0" disconnected="0" warning="0" completed="0" inProgress="0" pending="0" />
    <RunInfos>
      <RunInfo computerName="CAB99" outcome="Warning" timestamp="2014-11-10T17:52:07.9564742+01:00">
        <Text>Diagnostic data adapter message: Could not find diagnostic data adapter 'Code Coverage'.  Make sure diagnostic data adapter is installed and try again.</Text>
      </RunInfo>
    </RunInfos>
  </ResultSummary>
</TestRun>